// Jest Snapshot v1, https://goo.gl/fbAQLP

exports[`Input matches snapshot 1`] = `
<input
  className={undefined}
  name="item"
  onChange={[Function]}
  placeholder="New Item..."
  type="text"
  value="new todo"
/>
`;
